    Finished `dev` profile [unoptimized + debuginfo] target(s) in 0.23s
     Running `target/debug/final-project human mm3`
--- minimax (black) depth=3 white_dist=7 black_dist=8 nodes=2095381 ---
  e8: 5 <--
  d9: 15
  f9: 15
  a1h: 16
  a1v: 16
  b1h: 16
  b1v: 16
  c1v: 16
  d1v: 16
  e1v: 16
  f1v: 16
  g1h: 16
  g1v: 16
  h1h: 16
  h1v: 16
  a2h: 16
  a2v: 16
  b2h: 16
  b2v: 16
  c2h: 16
  c2v: 16
  d2h: 16
  d2v: 16
  e2h: 16
  e2v: 16
  f2h: 16
  f2v: 16
  g2h: 16
  g2v: 16
  h2h: 16
  h2v: 16
  a3h: 16
  a3v: 16
  b3h: 16
  b3v: 16
  c3h: 16
  c3v: 16
  d3h: 16
  d3v: 16
  e3h: 16
  e3v: 16
  f3h: 16
  f3v: 16
  g3h: 16
  g3v: 16
  h3h: 16
  h3v: 16
  a4h: 16
  a4v: 16
  b4h: 16
  b4v: 16
  c4h: 16
  c4v: 16
  d4h: 16
  d4v: 16
  e4h: 16
  e4v: 16
  f4h: 16
  f4v: 16
  g4h: 16
  g4v: 16
  h4h: 16
  h4v: 16
  a5h: 16
  a5v: 16
  b5h: 16
  b5v: 16
  c5h: 16
  c5v: 16
  d5h: 16
  d5v: 16
  e5h: 16
  e5v: 16
  f5h: 16
  f5v: 16
  g5h: 16
  g5v: 16
  h5h: 16
  h5v: 16
  a6h: 16
  a6v: 16
  b6h: 16
  b6v: 16
  c6h: 16
  c6v: 16
  d6h: 16
  d6v: 16
  e6h: 16
  e6v: 16
  f6h: 16
  f6v: 16
  g6h: 16
  g6v: 16
  h6h: 16
  h6v: 16
  a7h: 16
  a7v: 16
  b7h: 16
  b7v: 16
  c7h: 16
  c7v: 16
  d7h: 16
  d7v: 16
  e7h: 16
  e7v: 16
  f7h: 16
  f7v: 16
  g7h: 16
  g7v: 16
  h7h: 16
  h7v: 16
  a8h: 16
  a8v: 16
  b8h: 16
  b8v: 16
  c8h: 16
  c8v: 16
  d8h: 16
  d8v: 16
  e8h: 16
  e8v: 16
  f8h: 16
  f8v: 16
  g8h: 16
  g8v: 16
  h8h: 16
  h8v: 16
  c1h: 25
  f1h: 25
  d1h: 26
  e1h: 26
